 * Serving Flask app 'app'
 * Debug mode: on
WARNING: This is a development server. Do not use it in a production deployment. Use a production WSGI server instead.
 * Running on http://127.0.0.1:5151
Press CTRL+C to quit
 * Restarting with stat
 * Debugger is active!
 * Debugger PIN: 128-837-875
127.0.0.1 - - [17/Aug/2026 02:43:30] "GET /api/dar HTTP/1.1" 200 -
127.0.0.1 - - [17/Aug/2026 02:43:50] "GET /api/dar?date=2026-08-16 HTTP/1.1" 200 -
127.0.0.1 - - [17/Aug/2026 02:44:10] "GET /?date=2026-08-16 HTTP/1.1" 200 -
127.0.0.1 - - [17/Aug/2026 02:44:10] "GET /favicon.ico HTTP/1.1" 404 -
127.0.0.1 - - [17/Aug/2026 02:44:11] "GET /api/dar?date=2026-08-17 HTTP/1.1" 200 -
127.0.0.1 - - [17/Aug/2026 02:44:51] "GET /api/dar?date=2026-08-16 HTTP/1.1" 200 -
127.0.0.1 - - [17/Aug/2026 02:44:52] "GET /api/dar?date=2026-08-16 HTTP/1.1" 200 -
127.0.0.1 - - [17/Aug/2026 02:49:04] "GET / HTTP/1.1" 200 -
127.0.0.1 - - [17/Aug/2026 02:49:05] "GET /favicon.ico HTTP/1.1" 404 -
127.0.0.1 - - [17/Aug/2026 02:49:05] "GET /api/dar?date=2026-08-17 HTTP/1.1" 200 -
127.0.0.1 - - [17/Aug/2026 02:49:11] "GET /api/dar?date=2026-08-16 HTTP/1.1" 200 -
127.0.0.1 - - [17/Aug/2026 02:49:12] "GET /api/dar?date=2026-08-16 HTTP/1.1" 200 -
127.0.0.1 - - [17/Aug/2026 02:52:50] "GET / HTTP/1.1" 200 -
127.0.0.1 - - [17/Aug/2026 02:52:50] "GET /favicon.ico HTTP/1.1" 404 -
127.0.0.1 - - [17/Aug/2026 02:52:51] "GET /api/dar?date=2026-08-17 HTTP/1.1" 200 -
127.0.0.1 - - [17/Aug/2026 02:52:57] "GET /api/dar?date=2026-08-16 HTTP/1.1" 200 -
127.0.0.1 - - [17/Aug/2026 02:54:15] "GET / HTTP/1.1" 200 -
127.0.0.1 - - [17/Aug/2026 02:54:16] "GET /api/dar?date=2026-08-17 HTTP/1.1" 200 -
127.0.0.1 - - [17/Aug/2026 02:54:20] "GET /api/dar?date=2026-08-16 HTTP/1.1" 200 -
127.0.0.1 - - [17/Aug/2026 02:57:51] "GET /api/dar?date=2026-08-16 HTTP/1.1" 200 -
127.0.0.1 - - [17/Aug/2026 02:59:18] "GET /api/dar?date=2026-08-16 HTTP/1.1" 200 -
 * Detected change in 'C:\\Users\\Riley Peel\\dev\\python\\lifelenz-dashboard\\app.py', reloading
 * Restarting with stat
 * Debugger is active!
 * Debugger PIN: 128-837-875
 * Detected change in 'C:\\Users\\Riley Peel\\dev\\python\\lifelenz-dashboard\\app.py', reloading
 * Restarting with stat
 * Debugger is active!
 * Debugger PIN: 128-837-875
127.0.0.1 - - [17/Aug/2026 03:02:52] "GET /api/dar?date=2026-08-16 HTTP/1.1" 200 -
127.0.0.1 - - [17/Aug/2026 03:04:27] "GET /api/dar?date=2026-08-16 HTTP/1.1" 200 -
 * Detected change in 'C:\\Users\\Riley Peel\\dev\\python\\lifelenz-dashboard\\app.py', reloading
 * Restarting with stat
 * Debugger is active!
 * Debugger PIN: 128-837-875
 * Detected change in 'C:\\Users\\Riley Peel\\dev\\python\\lifelenz-dashboard\\app.py', reloading
 * Restarting with stat
 * Debugger is active!
 * Debugger PIN: 128-837-875
 * Detected change in 'C:\\Users\\Riley Peel\\dev\\python\\lifelenz-dashboard\\app.py', reloading
 * Restarting with stat
 * Debugger is active!
 * Debugger PIN: 128-837-875
127.0.0.1 - - [17/Aug/2026 03:06:27] "GET / HTTP/1.1" 200 -
127.0.0.1 - - [17/Aug/2026 03:06:27] "GET /api/shift-config HTTP/1.1" 200 -
127.0.0.1 - - [17/Aug/2026 03:06:38] "GET /api/dar?date=2026-08-17 HTTP/1.1" 500 -
Traceback (most recent call last):
  File "C:\Users\Riley Peel\AppData\Roaming\Python\Python312\site-packages\urllib3\connection.py", line 204, in _new_conn
    sock = connection.create_connection(
           ^^^^^^^^^^^^^^^^^^^^^^^^^^^^^
  File "C:\Users\Riley Peel\AppData\Roaming\Python\Python312\site-packages\urllib3\util\connection.py", line 60, in create_connection
    for res in socket.getaddrinfo(host, port, family, socket.SOCK_STREAM):
               ^^^^^^^^^^^^^^^^^^^^^^^^^^^^^^^^^^^^^^^^^^^^^^^^^^^^^^^^^^^
  File "C:\Python312\Lib\socket.py", line 976, in getaddrinfo
    for res in _socket.getaddrinfo(host, port, family, type, proto, flags):
               ^^^^^^^^^^^^^^^^^^^^^^^^^^^^^^^^^^^^^^^^^^^^^^^^^^^^^^^^^^^^
socket.gaierror: [Errno 11001] getaddrinfo failed

The above exception was the direct cause of the following exception:

Traceback (most recent call last):
  File "C:\Users\Riley Peel\AppData\Roaming\Python\Python312\site-packages\urllib3\connectionpool.py", line 788, in urlopen
    response = self._make_request(
               ^^^^^^^^^^^^^^^^^^^
  File "C:\Users\Riley Peel\AppData\Roaming\Python\Python312\site-packages\urllib3\connectionpool.py", line 488, in _make_request
    raise new_e
  File "C:\Users\Riley Peel\AppData\Roaming\Python\Python312\site-packages\urllib3\connectionpool.py", line 464, in _make_request
    self._validate_conn(conn)
  File "C:\Users\Riley Peel\AppData\Roaming\Python\Python312\site-packages\urllib3\connectionpool.py", line 1106, in _validate_conn
    conn.connect()
  File "C:\Users\Riley Peel\AppData\Roaming\Python\Python312\site-packages\urllib3\connection.py", line 759, in connect
    self.sock = sock = self._new_conn()
                       ^^^^^^^^^^^^^^^^
  File "C:\Users\Riley Peel\AppData\Roaming\Python\Python312\site-packages\urllib3\connection.py", line 211, in _new_conn
    raise NameResolutionError(self.host, self, e) from e
urllib3.exceptions.NameResolutionError: HTTPSConnection(host='us01-connect.lifelenz.com', port=443): Failed to resolve 'us01-connect.lifelenz.com' ([Errno 11001] getaddrinfo failed)

The above exception was the direct cause of the following exception:

Traceback (most recent call last):
  File "C:\Users\Riley Peel\AppData\Roaming\Python\Python312\site-packages\requests\adapters.py", line 696, in send
    resp = conn.urlopen(
           ^^^^^^^^^^^^^
  File "C:\Users\Riley Peel\AppData\Roaming\Python\Python312\site-packages\urllib3\connectionpool.py", line 842, in urlopen
    retries = retries.increment(
              ^^^^^^^^^^^^^^^^^^
  File "C:\Users\Riley Peel\AppData\Roaming\Python\Python312\site-packages\urllib3\util\retry.py", line 543, in increment
    raise MaxRetryError(_pool, url, reason) from reason  # type: ignore[arg-type]
urllib3.exceptions.MaxRetryError: HTTPSConnectionPool(host='us01-connect.lifelenz.com', port=443): Max retries exceeded with url: /manager/graphql (Caused by NameResolutionError("HTTPSConnection(host='us01-connect.lifelenz.com', port=443): Failed to resolve 'us01-connect.lifelenz.com' ([Errno 11001] getaddrinfo failed)"))

During handling of the above exception, another exception occurred:

Traceback (most recent call last):
  File "C:\Python312\Lib\site-packages\flask\app.py", line 1498, in __call__
    return self.wsgi_app(environ, start_response)
           ^^^^^^^^^^^^^^^^^^^^^^^^^^^^^^^^^^^^^^
  File "C:\Python312\Lib\site-packages\flask\app.py", line 1476, in wsgi_app
    response = self.handle_exception(e)
               ^^^^^^^^^^^^^^^^^^^^^^^^
  File "C:\Python312\Lib\site-packages\flask\app.py", line 1473, in wsgi_app
    response = self.full_dispatch_request()
               ^^^^^^^^^^^^^^^^^^^^^^^^^^^^
  File "C:\Python312\Lib\site-packages\flask\app.py", line 882, in full_dispatch_request
    rv = self.handle_user_exception(e)
         ^^^^^^^^^^^^^^^^^^^^^^^^^^^^^
  File "C:\Python312\Lib\site-packages\flask\app.py", line 880, in full_dispatch_request
    rv = self.dispatch_request()
         ^^^^^^^^^^^^^^^^^^^^^^^
  File "C:\Python312\Lib\site-packages\flask\app.py", line 865, in dispatch_request
    return self.ensure_sync(self.view_functions[rule.endpoint])(**view_args)  # type: ignore[no-any-return]
           ^^^^^^^^^^^^^^^^^^^^^^^^^^^^^^^^^^^^^^^^^^^^^^^^^^^^^^^^^^^^^^^^^^^^^^^^^^^^^^^^^^^^^^^^^^^^^^^^
  File "C:\Users\Riley Peel\dev\python\lifelenz-dashboard\app.py", line 85, in api_dar
    data = fetch_dar_data(start_iso, end_iso)
           ^^^^^^^^^^^^^^^^^^^^^^^^^^^^^^^^^^
  File "C:\Users\Riley Peel\dev\python\lifelenz-dashboard\lifelenz_api.py", line 53, in fetch_dar_data
    resp = requests.post(
           ^^^^^^^^^^^^^^
  File "C:\Users\Riley Peel\AppData\Roaming\Python\Python312\site-packages\requests\api.py", line 134, in post
    return request("post", url, data=data, json=json, **kwargs)
           ^^^^^^^^^^^^^^^^^^^^^^^^^^^^^^^^^^^^^^^^^^^^^^^^^^^^
  File "C:\Users\Riley Peel\AppData\Roaming\Python\Python312\site-packages\requests\api.py", line 71, in request
    return session.request(method=method, url=url, **kwargs)
           ^^^^^^^^^^^^^^^^^^^^^^^^^^^^^^^^^^^^^^^^^^^^^^^^^
  File "C:\Users\Riley Peel\AppData\Roaming\Python\Python312\site-packages\requests\sessions.py", line 651, in request
    resp = self.send(prep, **send_kwargs)
           ^^^^^^^^^^^^^^^^^^^^^^^^^^^^^^
  File "C:\Users\Riley Peel\AppData\Roaming\Python\Python312\site-packages\requests\sessions.py", line 784, in send
    r = adapter.send(request, **kwargs)
        ^^^^^^^^^^^^^^^^^^^^^^^^^^^^^^^
  File "C:\Users\Riley Peel\AppData\Roaming\Python\Python312\site-packages\requests\adapters.py", line 729, in send
    raise ConnectionError(e, request=request)
requests.exceptions.ConnectionError: HTTPSConnectionPool(host='us01-connect.lifelenz.com', port=443): Max retries exceeded with url: /manager/graphql (Caused by NameResolutionError("HTTPSConnection(host='us01-connect.lifelenz.com', port=443): Failed to resolve 'us01-connect.lifelenz.com' ([Errno 11001] getaddrinfo failed)"))
127.0.0.1 - - [17/Aug/2026 03:06:38] "GET /api/dar?date=2026-08-16 HTTP/1.1" 500 -
Traceback (most recent call last):
  File "C:\Users\Riley Peel\AppData\Roaming\Python\Python312\site-packages\urllib3\connection.py", line 204, in _new_conn
    sock = connection.create_connection(
           ^^^^^^^^^^^^^^^^^^^^^^^^^^^^^
  File "C:\Users\Riley Peel\AppData\Roaming\Python\Python312\site-packages\urllib3\util\connection.py", line 60, in create_connection
    for res in socket.getaddrinfo(host, port, family, socket.SOCK_STREAM):
               ^^^^^^^^^^^^^^^^^^^^^^^^^^^^^^^^^^^^^^^^^^^^^^^^^^^^^^^^^^^
  File "C:\Python312\Lib\socket.py", line 976, in getaddrinfo
    for res in _socket.getaddrinfo(host, port, family, type, proto, flags):
               ^^^^^^^^^^^^^^^^^^^^^^^^^^^^^^^^^^^^^^^^^^^^^^^^^^^^^^^^^^^^
socket.gaierror: [Errno 11001] getaddrinfo failed

The above exception was the direct cause of the following exception:

Traceback (most recent call last):
  File "C:\Users\Riley Peel\AppData\Roaming\Python\Python312\site-packages\urllib3\connectionpool.py", line 788, in urlopen
    response = self._make_request(
               ^^^^^^^^^^^^^^^^^^^
  File "C:\Users\Riley Peel\AppData\Roaming\Python\Python312\site-packages\urllib3\connectionpool.py", line 488, in _make_request
    raise new_e
  File "C:\Users\Riley Peel\AppData\Roaming\Python\Python312\site-packages\urllib3\connectionpool.py", line 464, in _make_request
    self._validate_conn(conn)
  File "C:\Users\Riley Peel\AppData\Roaming\Python\Python312\site-packages\urllib3\connectionpool.py", line 1106, in _validate_conn
    conn.connect()
  File "C:\Users\Riley Peel\AppData\Roaming\Python\Python312\site-packages\urllib3\connection.py", line 759, in connect
    self.sock = sock = self._new_conn()
                       ^^^^^^^^^^^^^^^^
  File "C:\Users\Riley Peel\AppData\Roaming\Python\Python312\site-packages\urllib3\connection.py", line 211, in _new_conn
    raise NameResolutionError(self.host, self, e) from e
urllib3.exceptions.NameResolutionError: HTTPSConnection(host='us01-connect.lifelenz.com', port=443): Failed to resolve 'us01-connect.lifelenz.com' ([Errno 11001] getaddrinfo failed)

The above exception was the direct cause of the following exception:

Traceback (most recent call last):
  File "C:\Users\Riley Peel\AppData\Roaming\Python\Python312\site-packages\requests\adapters.py", line 696, in send
    resp = conn.urlopen(
           ^^^^^^^^^^^^^
  File "C:\Users\Riley Peel\AppData\Roaming\Python\Python312\site-packages\urllib3\connectionpool.py", line 842, in urlopen
    retries = retries.increment(
              ^^^^^^^^^^^^^^^^^^
  File "C:\Users\Riley Peel\AppData\Roaming\Python\Python312\site-packages\urllib3\util\retry.py", line 543, in increment
    raise MaxRetryError(_pool, url, reason) from reason  # type: ignore[arg-type]
urllib3.exceptions.MaxRetryError: HTTPSConnectionPool(host='us01-connect.lifelenz.com', port=443): Max retries exceeded with url: /manager/graphql (Caused by NameResolutionError("HTTPSConnection(host='us01-connect.lifelenz.com', port=443): Failed to resolve 'us01-connect.lifelenz.com' ([Errno 11001] getaddrinfo failed)"))

During handling of the above exception, another exception occurred:

Traceback (most recent call last):
  File "C:\Python312\Lib\site-packages\flask\app.py", line 1498, in __call__
    return self.wsgi_app(environ, start_response)
           ^^^^^^^^^^^^^^^^^^^^^^^^^^^^^^^^^^^^^^
  File "C:\Python312\Lib\site-packages\flask\app.py", line 1476, in wsgi_app
    response = self.handle_exception(e)
               ^^^^^^^^^^^^^^^^^^^^^^^^
  File "C:\Python312\Lib\site-packages\flask\app.py", line 1473, in wsgi_app
    response = self.full_dispatch_request()
               ^^^^^^^^^^^^^^^^^^^^^^^^^^^^
  File "C:\Python312\Lib\site-packages\flask\app.py", line 882, in full_dispatch_request
    rv = self.handle_user_exception(e)
         ^^^^^^^^^^^^^^^^^^^^^^^^^^^^^
  File "C:\Python312\Lib\site-packages\flask\app.py", line 880, in full_dispatch_request
    rv = self.dispatch_request()
         ^^^^^^^^^^^^^^^^^^^^^^^
  File "C:\Python312\Lib\site-packages\flask\app.py", line 865, in dispatch_request
    return self.ensure_sync(self.view_functions[rule.endpoint])(**view_args)  # type: ignore[no-any-return]
           ^^^^^^^^^^^^^^^^^^^^^^^^^^^^^^^^^^^^^^^^^^^^^^^^^^^^^^^^^^^^^^^^^^^^^^^^^^^^^^^^^^^^^^^^^^^^^^^^
  File "C:\Users\Riley Peel\dev\python\lifelenz-dashboard\app.py", line 85, in api_dar
    data = fetch_dar_data(start_iso, end_iso)
           ^^^^^^^^^^^^^^^^^^^^^^^^^^^^^^^^^^
  File "C:\Users\Riley Peel\dev\python\lifelenz-dashboard\lifelenz_api.py", line 53, in fetch_dar_data
    resp = requests.post(
           ^^^^^^^^^^^^^^
  File "C:\Users\Riley Peel\AppData\Roaming\Python\Python312\site-packages\requests\api.py", line 134, in post
    return request("post", url, data=data, json=json, **kwargs)
           ^^^^^^^^^^^^^^^^^^^^^^^^^^^^^^^^^^^^^^^^^^^^^^^^^^^^
  File "C:\Users\Riley Peel\AppData\Roaming\Python\Python312\site-packages\requests\api.py", line 71, in request
    return session.request(method=method, url=url, **kwargs)
           ^^^^^^^^^^^^^^^^^^^^^^^^^^^^^^^^^^^^^^^^^^^^^^^^^
  File "C:\Users\Riley Peel\AppData\Roaming\Python\Python312\site-packages\requests\sessions.py", line 651, in request
    resp = self.send(prep, **send_kwargs)
           ^^^^^^^^^^^^^^^^^^^^^^^^^^^^^^
  File "C:\Users\Riley Peel\AppData\Roaming\Python\Python312\site-packages\requests\sessions.py", line 784, in send
    r = adapter.send(request, **kwargs)
        ^^^^^^^^^^^^^^^^^^^^^^^^^^^^^^^
  File "C:\Users\Riley Peel\AppData\Roaming\Python\Python312\site-packages\requests\adapters.py", line 729, in send
    raise ConnectionError(e, request=request)
requests.exceptions.ConnectionError: HTTPSConnectionPool(host='us01-connect.lifelenz.com', port=443): Max retries exceeded with url: /manager/graphql (Caused by NameResolutionError("HTTPSConnection(host='us01-connect.lifelenz.com', port=443): Failed to resolve 'us01-connect.lifelenz.com' ([Errno 11001] getaddrinfo failed)"))
127.0.0.1 - - [17/Aug/2026 03:07:39] "GET /api/shift-config HTTP/1.1" 200 -
127.0.0.1 - - [17/Aug/2026 03:07:42] "GET /api/trends?days=7&offset_days=0 HTTP/1.1" 200 -
127.0.0.1 - - [17/Aug/2026 03:07:52] "GET /api/dar?date=2026-08-16 HTTP/1.1" 200 -
127.0.0.1 - - [17/Aug/2026 03:07:52] "GET /api/trends?days=7&offset_days=0 HTTP/1.1" 200 -
127.0.0.1 - - [17/Aug/2026 03:08:11] "GET /api/shift-history?days=7 HTTP/1.1" 200 -
127.0.0.1 - - [17/Aug/2026 03:08:35] "GET / HTTP/1.1" 200 -
127.0.0.1 - - [17/Aug/2026 03:08:35] "GET /api/shift-config HTTP/1.1" 200 -
127.0.0.1 - - [17/Aug/2026 03:08:35] "GET /favicon.ico HTTP/1.1" 404 -
127.0.0.1 - - [17/Aug/2026 03:08:36] "GET /api/dar?date=2026-08-17 HTTP/1.1" 200 -
127.0.0.1 - - [17/Aug/2026 03:08:51] "GET /api/trends?days=30&offset_days=30 HTTP/1.1" 500 -
127.0.0.1 - - [17/Aug/2026 03:08:51] "Traceback (most recent call last):
  File "C:\Users\Riley Peel\AppData\Roaming\Python\Python312\site-packages\urllib3\connectionpool.py", line 534, in _make_request
    response = conn.getresponse()
               ^^^^^^^^^^^^^^^^^^
  File "C:\Users\Riley Peel\AppData\Roaming\Python\Python312\site-packages\urllib3\connection.py", line 571, in getresponse
    httplib_response = super().getresponse()
                       ^^^^^^^^^^^^^^^^^^^^^
  File "C:\Python312\Lib\http\client.py", line 1428, in getresponse
    response.begin()
  File "C:\Python312\Lib\http\client.py", line 331, in begin
    version, status, reason = self._read_status()
                              ^^^^^^^^^^^^^^^^^^^
  File "C:\Python312\Lib\http\client.py", line 292, in _read_status
    line = str(self.fp.readline(_MAXLINE + 1), "iso-8859-1")
               ^^^^^^^^^^^^^^^^^^^^^^^^^^^^^^^^^^^^^^^^^^^^^
  File "C:\Python312\Lib\socket.py", line 720, in readinto
    return self._sock.recv_into(b)
           ^^^^^^^^^^^^^^^^^^^^^^^
  File "C:\Python312\Lib\ssl.py", line 1252, in recv_into
    return self.read(nbytes, buffer)
           ^^^^^^^^^^^^^^^^^^^^^^^^^
  File "C:\Python312\Lib\ssl.py", line 1104, in read
    return self._sslobj.read(len, buffer)
           ^^^^^^^^^^^^^^^^^^^^^^^^^^^^^^
TimeoutError: The read operation timed out

The above exception was the direct cause of the following exception:

Traceback (most recent call last):
  File "C:\Users\Riley Peel\AppData\Roaming\Python\Python312\site-packages\requests\adapters.py", line 696, in send
    resp = conn.urlopen(
           ^^^^^^^^^^^^^
  File "C:\Users\Riley Peel\AppData\Roaming\Python\Python312\site-packages\urllib3\connectionpool.py", line 842, in urlopen
    retries = retries.increment(
              ^^^^^^^^^^^^^^^^^^
  File "C:\Users\Riley Peel\AppData\Roaming\Python\Python312\site-packages\urllib3\util\retry.py", line 498, in increment
    raise reraise(type(error), error, _stacktrace)
          ^^^^^^^^^^^^^^^^^^^^^^^^^^^^^^^^^^^^^^^^
  File "C:\Users\Riley Peel\AppData\Roaming\Python\Python312\site-packages\urllib3\util\util.py", line 39, in reraise
    raise value
  File "C:\Users\Riley Peel\AppData\Roaming\Python\Python312\site-packages\urllib3\connectionpool.py", line 788, in urlopen
    response = self._make_request(
               ^^^^^^^^^^^^^^^^^^^
  File "C:\Users\Riley Peel\AppData\Roaming\Python\Python312\site-packages\urllib3\connectionpool.py", line 536, in _make_request
    self._raise_timeout(err=e, url=url, timeout_value=read_timeout)
  File "C:\Users\Riley Peel\AppData\Roaming\Python\Python312\site-packages\urllib3\connectionpool.py", line 367, in _raise_timeout
    raise ReadTimeoutError(
urllib3.exceptions.ReadTimeoutError: HTTPSConnectionPool(host='us01-connect.lifelenz.com', port=443): Read timed out. (read timeout=15)

During handling of the above exception, another exception occurred:

Traceback (most recent call last):
  File "C:\Python312\Lib\site-packages\flask\app.py", line 1498, in __call__
    return self.wsgi_app(environ, start_response)
           ^^^^^^^^^^^^^^^^^^^^^^^^^^^^^^^^^^^^^^
  File "C:\Python312\Lib\site-packages\flask\app.py", line 1476, in wsgi_app
    response = self.handle_exception(e)
               ^^^^^^^^^^^^^^^^^^^^^^^^
  File "C:\Python312\Lib\site-packages\flask\app.py", line 1473, in wsgi_app
    response = self.full_dispatch_request()
               ^^^^^^^^^^^^^^^^^^^^^^^^^^^^
  File "C:\Python312\Lib\site-packages\flask\app.py", line 882, in full_dispatch_request
    rv = self.handle_user_exception(e)
         ^^^^^^^^^^^^^^^^^^^^^^^^^^^^^
  File "C:\Python312\Lib\site-packages\flask\app.py", line 880, in full_dispatch_request
    rv = self.dispatch_request()
         ^^^^^^^^^^^^^^^^^^^^^^^
  File "C:\Python312\Lib\site-packages\flask\app.py", line 865, in dispatch_request
    return self.ensure_sync(self.view_functions[rule.endpoint])(**view_args)  # type: ignore[no-any-return]
           ^^^^^^^^^^^^^^^^^^^^^^^^^^^^^^^^^^^^^^^^^^^^^^^^^^^^^^^^^^^^^^^^^^^^^^^^^^^^^^^^^^^^^^^^^^^^^^^^
  File "C:\Users\Riley Peel\dev\python\lifelenz-dashboard\app.py", line 98, in api_trends
    data = fetch_dar_data(start_iso, end_iso, granularity=granularity)
           ^^^^^^^^^^^^^^^^^^^^^^^^^^^^^^^^^^^^^^^^^^^^^^^^^^^^^^^^^^^
  File "C:\Users\Riley Peel\dev\python\lifelenz-dashboard\lifelenz_api.py", line 53, in fetch_dar_data
    resp = requests.post(
           ^^^^^^^^^^^^^^
  File "C:\Users\Riley Peel\AppData\Roaming\Python\Python312\site-packages\requests\api.py", line 134, in post
    return request("post", url, data=data, json=json, **kwargs)
           ^^^^^^^^^^^^^^^^^^^^^^^^^^^^^^^^^^^^^^^^^^^^^^^^^^^^
  File "C:\Users\Riley Peel\AppData\Roaming\Python\Python312\site-packages\requests\api.py", line 71, in request
    return session.request(method=method, url=url, **kwargs)
           ^^^^^^^^^^^^^^^^^^^^^^^^^^^^^^^^^^^^^^^^^^^^^^^^^
  File "C:\Users\Riley Peel\AppData\Roaming\Python\Python312\site-packages\requests\sessions.py", line 651, in request
    resp = self.send(prep, **send_kwargs)
           ^^^^^^^^^^^^^^^^^^^^^^^^^^^^^^
  File "C:\Users\Riley Peel\AppData\Roaming\Python\Python312\site-packages\requests\sessions.py", line 784, in send
    r = adapter.send(request, **kwargs)
        ^^^^^^^^^^^^^^^^^^^^^^^^^^^^^^^
  File "C:\Users\Riley Peel\AppData\Roaming\Python\Python312\site-packages\requests\adapters.py", line 742, in send
    raise ReadTimeout(e, request=request)
requests.exceptions.ReadTimeout: HTTPSConnectionPool(host='us01-connect.lifelenz.com', port=443): Read timed out. (read timeout=15)
GET /api/trends?days=30&offset_days=0 HTTP/1.1" 500 -
127.0.0.1 - - [17/Aug/2026 03:08:51] "GET /api/shift-history?days=30 HTTP/1.1" 500 -
Traceback (most recent call last):
  File "C:\Users\Riley Peel\AppData\Roaming\Python\Python312\site-packages\urllib3\connectionpool.py", line 534, in _make_request
    response = conn.getresponse()
               ^^^^^^^^^^^^^^^^^^
  File "C:\Users\Riley Peel\AppData\Roaming\Python\Python312\site-packages\urllib3\connection.py", line 571, in getresponse
    httplib_response = super().getresponse()
                       ^^^^^^^^^^^^^^^^^^^^^
  File "C:\Python312\Lib\http\client.py", line 1428, in getresponse
    response.begin()
  File "C:\Python312\Lib\http\client.py", line 331, in begin
    version, status, reason = self._read_status()
                              ^^^^^^^^^^^^^^^^^^^
  File "C:\Python312\Lib\http\client.py", line 292, in _read_status
    line = str(self.fp.readline(_MAXLINE + 1), "iso-8859-1")
               ^^^^^^^^^^^^^^^^^^^^^^^^^^^^^^^^^^^^^^^^^^^^^
  File "C:\Python312\Lib\socket.py", line 720, in readinto
    return self._sock.recv_into(b)
           ^^^^^^^^^^^^^^^^^^^^^^^
  File "C:\Python312\Lib\ssl.py", line 1252, in recv_into
    return self.read(nbytes, buffer)
           ^^^^^^^^^^^^^^^^^^^^^^^^^
  File "C:\Python312\Lib\ssl.py", line 1104, in read
    return self._sslobj.read(len, buffer)
           ^^^^^^^^^^^^^^^^^^^^^^^^^^^^^^
TimeoutError: The read operation timed out

The above exception was the direct cause of the following exception:

Traceback (most recent call last):
  File "C:\Users\Riley Peel\AppData\Roaming\Python\Python312\site-packages\requests\adapters.py", line 696, in send
    resp = conn.urlopen(
           ^^^^^^^^^^^^^
  File "C:\Users\Riley Peel\AppData\Roaming\Python\Python312\site-packages\urllib3\connectionpool.py", line 842, in urlopen
    retries = retries.increment(
              ^^^^^^^^^^^^^^^^^^
  File "C:\Users\Riley Peel\AppData\Roaming\Python\Python312\site-packages\urllib3\util\retry.py", line 498, in increment
    raise reraise(type(error), error, _stacktrace)
          ^^^^^^^^^^^^^^^^^^^^^^^^^^^^^^^^^^^^^^^^
  File "C:\Users\Riley Peel\AppData\Roaming\Python\Python312\site-packages\urllib3\util\util.py", line 39, in reraise
    raise value
  File "C:\Users\Riley Peel\AppData\Roaming\Python\Python312\site-packages\urllib3\connectionpool.py", line 788, in urlopen
    response = self._make_request(
               ^^^^^^^^^^^^^^^^^^^
  File "C:\Users\Riley Peel\AppData\Roaming\Python\Python312\site-packages\urllib3\connectionpool.py", line 536, in _make_request
    self._raise_timeout(err=e, url=url, timeout_value=read_timeout)
  File "C:\Users\Riley Peel\AppData\Roaming\Python\Python312\site-packages\urllib3\connectionpool.py", line 367, in _raise_timeout
    raise ReadTimeoutError(
urllib3.exceptions.ReadTimeoutError: HTTPSConnectionPool(host='us01-connect.lifelenz.com', port=443): Read timed out. (read timeout=15)

During handling of the above exception, another exception occurred:

Traceback (most recent call last):
  File "C:\Python312\Lib\site-packages\flask\app.py", line 1498, in __call__
    return self.wsgi_app(environ, start_response)
           ^^^^^^^^^^^^^^^^^^^^^^^^^^^^^^^^^^^^^^
  File "C:\Python312\Lib\site-packages\flask\app.py", line 1476, in wsgi_app
    response = self.handle_exception(e)
               ^^^^^^^^^^^^^^^^^^^^^^^^
  File "C:\Python312\Lib\site-packages\flask\app.py", line 1473, in wsgi_app
    response = self.full_dispatch_request()
               ^^^^^^^^^^^^^^^^^^^^^^^^^^^^
  File "C:\Python312\Lib\site-packages\flask\app.py", line 882, in full_dispatch_request
    rv = self.handle_user_exception(e)
         ^^^^^^^^^^^^^^^^^^^^^^^^^^^^^
  File "C:\Python312\Lib\site-packages\flask\app.py", line 880, in full_dispatch_request
    rv = self.dispatch_request()
         ^^^^^^^^^^^^^^^^^^^^^^^
  File "C:\Python312\Lib\site-packages\flask\app.py", line 865, in dispatch_request
    return self.ensure_sync(self.view_functions[rule.endpoint])(**view_args)  # type: ignore[no-any-return]
           ^^^^^^^^^^^^^^^^^^^^^^^^^^^^^^^^^^^^^^^^^^^^^^^^^^^^^^^^^^^^^^^^^^^^^^^^^^^^^^^^^^^^^^^^^^^^^^^^
  File "C:\Users\Riley Peel\dev\python\lifelenz-dashboard\app.py", line 98, in api_trends
    data = fetch_dar_data(start_iso, end_iso, granularity=granularity)
           ^^^^^^^^^^^^^^^^^^^^^^^^^^^^^^^^^^^^^^^^^^^^^^^^^^^^^^^^^^^
  File "C:\Users\Riley Peel\dev\python\lifelenz-dashboard\lifelenz_api.py", line 53, in fetch_dar_data
    resp = requests.post(
           ^^^^^^^^^^^^^^
  File "C:\Users\Riley Peel\AppData\Roaming\Python\Python312\site-packages\requests\api.py", line 134, in post
    return request("post", url, data=data, json=json, **kwargs)
           ^^^^^^^^^^^^^^^^^^^^^^^^^^^^^^^^^^^^^^^^^^^^^^^^^^^^
  File "C:\Users\Riley Peel\AppData\Roaming\Python\Python312\site-packages\requests\api.py", line 71, in request
    return session.request(method=method, url=url, **kwargs)
           ^^^^^^^^^^^^^^^^^^^^^^^^^^^^^^^^^^^^^^^^^^^^^^^^^
  File "C:\Users\Riley Peel\AppData\Roaming\Python\Python312\site-packages\requests\sessions.py", line 651, in request
    resp = self.send(prep, **send_kwargs)
           ^^^^^^^^^^^^^^^^^^^^^^^^^^^^^^
  File "C:\Users\Riley Peel\AppData\Roaming\Python\Python312\site-packages\requests\sessions.py", line 784, in send
    r = adapter.send(request, **kwargs)
        ^^^^^^^^^^^^^^^^^^^^^^^^^^^^^^^
  File "C:\Users\Riley Peel\AppData\Roaming\Python\Python312\site-packages\requests\adapters.py", line 742, in send
    raise ReadTimeout(e, request=request)
requests.exceptions.ReadTimeout: HTTPSConnectionPool(host='us01-connect.lifelenz.com', port=443): Read timed out. (read timeout=15)
Traceback (most recent call last):
  File "C:\Users\Riley Peel\AppData\Roaming\Python\Python312\site-packages\urllib3\connectionpool.py", line 534, in _make_request
    response = conn.getresponse()
               ^^^^^^^^^^^^^^^^^^
  File "C:\Users\Riley Peel\AppData\Roaming\Python\Python312\site-packages\urllib3\connection.py", line 571, in getresponse
    httplib_response = super().getresponse()
                       ^^^^^^^^^^^^^^^^^^^^^
  File "C:\Python312\Lib\http\client.py", line 1428, in getresponse
    response.begin()
  File "C:\Python312\Lib\http\client.py", line 331, in begin
    version, status, reason = self._read_status()
                              ^^^^^^^^^^^^^^^^^^^
  File "C:\Python312\Lib\http\client.py", line 292, in _read_status
    line = str(self.fp.readline(_MAXLINE + 1), "iso-8859-1")
               ^^^^^^^^^^^^^^^^^^^^^^^^^^^^^^^^^^^^^^^^^^^^^
  File "C:\Python312\Lib\socket.py", line 720, in readinto
    return self._sock.recv_into(b)
           ^^^^^^^^^^^^^^^^^^^^^^^
  File "C:\Python312\Lib\ssl.py", line 1252, in recv_into
    return self.read(nbytes, buffer)
           ^^^^^^^^^^^^^^^^^^^^^^^^^
  File "C:\Python312\Lib\ssl.py", line 1104, in read
    return self._sslobj.read(len, buffer)
           ^^^^^^^^^^^^^^^^^^^^^^^^^^^^^^
TimeoutError: The read operation timed out

The above exception was the direct cause of the following exception:

Traceback (most recent call last):
  File "C:\Users\Riley Peel\AppData\Roaming\Python\Python312\site-packages\requests\adapters.py", line 696, in send
    resp = conn.urlopen(
           ^^^^^^^^^^^^^
  File "C:\Users\Riley Peel\AppData\Roaming\Python\Python312\site-packages\urllib3\connectionpool.py", line 842, in urlopen
    retries = retries.increment(
              ^^^^^^^^^^^^^^^^^^
  File "C:\Users\Riley Peel\AppData\Roaming\Python\Python312\site-packages\urllib3\util\retry.py", line 498, in increment
    raise reraise(type(error), error, _stacktrace)
          ^^^^^^^^^^^^^^^^^^^^^^^^^^^^^^^^^^^^^^^^
  File "C:\Users\Riley Peel\AppData\Roaming\Python\Python312\site-packages\urllib3\util\util.py", line 39, in reraise
    raise value
  File "C:\Users\Riley Peel\AppData\Roaming\Python\Python312\site-packages\urllib3\connectionpool.py", line 788, in urlopen
    response = self._make_request(
               ^^^^^^^^^^^^^^^^^^^
  File "C:\Users\Riley Peel\AppData\Roaming\Python\Python312\site-packages\urllib3\connectionpool.py", line 536, in _make_request
    self._raise_timeout(err=e, url=url, timeout_value=read_timeout)
  File "C:\Users\Riley Peel\AppData\Roaming\Python\Python312\site-packages\urllib3\connectionpool.py", line 367, in _raise_timeout
    raise ReadTimeoutError(
urllib3.exceptions.ReadTimeoutError: HTTPSConnectionPool(host='us01-connect.lifelenz.com', port=443): Read timed out. (read timeout=15)

During handling of the above exception, another exception occurred:

Traceback (most recent call last):
  File "C:\Python312\Lib\site-packages\flask\app.py", line 1498, in __call__
    return self.wsgi_app(environ, start_response)
           ^^^^^^^^^^^^^^^^^^^^^^^^^^^^^^^^^^^^^^
  File "C:\Python312\Lib\site-packages\flask\app.py", line 1476, in wsgi_app
    response = self.handle_exception(e)
               ^^^^^^^^^^^^^^^^^^^^^^^^
  File "C:\Python312\Lib\site-packages\flask\app.py", line 1473, in wsgi_app
    response = self.full_dispatch_request()
               ^^^^^^^^^^^^^^^^^^^^^^^^^^^^
  File "C:\Python312\Lib\site-packages\flask\app.py", line 882, in full_dispatch_request
    rv = self.handle_user_exception(e)
         ^^^^^^^^^^^^^^^^^^^^^^^^^^^^^
  File "C:\Python312\Lib\site-packages\flask\app.py", line 880, in full_dispatch_request
    rv = self.dispatch_request()
         ^^^^^^^^^^^^^^^^^^^^^^^
  File "C:\Python312\Lib\site-packages\flask\app.py", line 865, in dispatch_request
    return self.ensure_sync(self.view_functions[rule.endpoint])(**view_args)  # type: ignore[no-any-return]
           ^^^^^^^^^^^^^^^^^^^^^^^^^^^^^^^^^^^^^^^^^^^^^^^^^^^^^^^^^^^^^^^^^^^^^^^^^^^^^^^^^^^^^^^^^^^^^^^^
  File "C:\Users\Riley Peel\dev\python\lifelenz-dashboard\app.py", line 109, in api_shift_history
    data = fetch_dar_data(start_iso, end_iso, granularity="hour")
           ^^^^^^^^^^^^^^^^^^^^^^^^^^^^^^^^^^^^^^^^^^^^^^^^^^^^^^
  File "C:\Users\Riley Peel\dev\python\lifelenz-dashboard\lifelenz_api.py", line 53, in fetch_dar_data
    resp = requests.post(
           ^^^^^^^^^^^^^^
  File "C:\Users\Riley Peel\AppData\Roaming\Python\Python312\site-packages\requests\api.py", line 134, in post
    return request("post", url, data=data, json=json, **kwargs)
           ^^^^^^^^^^^^^^^^^^^^^^^^^^^^^^^^^^^^^^^^^^^^^^^^^^^^
  File "C:\Users\Riley Peel\AppData\Roaming\Python\Python312\site-packages\requests\api.py", line 71, in request
    return session.request(method=method, url=url, **kwargs)
           ^^^^^^^^^^^^^^^^^^^^^^^^^^^^^^^^^^^^^^^^^^^^^^^^^
  File "C:\Users\Riley Peel\AppData\Roaming\Python\Python312\site-packages\requests\sessions.py", line 651, in request
    resp = self.send(prep, **send_kwargs)
           ^^^^^^^^^^^^^^^^^^^^^^^^^^^^^^
  File "C:\Users\Riley Peel\AppData\Roaming\Python\Python312\site-packages\requests\sessions.py", line 784, in send
    r = adapter.send(request, **kwargs)
        ^^^^^^^^^^^^^^^^^^^^^^^^^^^^^^^
  File "C:\Users\Riley Peel\AppData\Roaming\Python\Python312\site-packages\requests\adapters.py", line 742, in send
    raise ReadTimeout(e, request=request)
requests.exceptions.ReadTimeout: HTTPSConnectionPool(host='us01-connect.lifelenz.com', port=443): Read timed out. (read timeout=15)
127.0.0.1 - - [17/Aug/2026 03:08:59] "GET /api/trends?days=30&offset_days=0 HTTP/1.1" 200 -
127.0.0.1 - - [17/Aug/2026 03:09:17] "GET / HTTP/1.1" 304 -
127.0.0.1 - - [17/Aug/2026 03:09:17] "GET /api/shift-config HTTP/1.1" 200 -
127.0.0.1 - - [17/Aug/2026 03:09:17] "GET /favicon.ico HTTP/1.1" 404 -
127.0.0.1 - - [17/Aug/2026 03:09:18] "GET /api/trends?days=30&offset_days=30 HTTP/1.1" 200 -
127.0.0.1 - - [17/Aug/2026 03:09:18] "GET /api/trends?days=30&offset_days=0 HTTP/1.1" 200 -
127.0.0.1 - - [17/Aug/2026 03:09:18] "GET /api/dar?date=2026-08-17 HTTP/1.1" 200 -
127.0.0.1 - - [17/Aug/2026 03:09:27] "GET /api/shift-history?days=30 HTTP/1.1" 200 -
127.0.0.1 - - [17/Aug/2026 03:09:54] "GET /api/trends?days=30&offset_days=0 HTTP/1.1" 200 -
127.0.0.1 - - [17/Aug/2026 03:09:55] "GET /api/trends?days=30&offset_days=30 HTTP/1.1" 200 -
127.0.0.1 - - [17/Aug/2026 03:10:09] "GET /api/trends?days=30&offset_days=30 HTTP/1.1" 200 -
127.0.0.1 - - [17/Aug/2026 03:10:40] "GET / HTTP/1.1" 200 -
127.0.0.1 - - [17/Aug/2026 03:10:40] "GET /api/shift-config HTTP/1.1" 200 -
127.0.0.1 - - [17/Aug/2026 03:10:41] "GET /api/trends?days=30&offset_days=30 HTTP/1.1" 200 -
127.0.0.1 - - [17/Aug/2026 03:10:41] "GET /api/dar?date=2026-08-17 HTTP/1.1" 200 -
127.0.0.1 - - [17/Aug/2026 03:10:43] "GET /api/trends?days=30&offset_days=0 HTTP/1.1" 200 -
127.0.0.1 - - [17/Aug/2026 03:10:49] "GET /api/shift-history?days=30 HTTP/1.1" 200 -
127.0.0.1 - - [17/Aug/2026 03:10:49] "GET /api/dar?date=2026-08-16 HTTP/1.1" 200 -
127.0.0.1 - - [17/Aug/2026 03:11:03] "GET /api/dar?date=2026-08-16 HTTP/1.1" 200 -
127.0.0.1 - - [17/Aug/2026 03:11:35] "GET /api/dar?date=2026-08-16 HTTP/1.1" 200 -
127.0.0.1 - - [17/Aug/2026 03:12:46] "GET / HTTP/1.1" 200 -
127.0.0.1 - - [17/Aug/2026 03:12:47] "GET /api/shift-config HTTP/1.1" 200 -
127.0.0.1 - - [17/Aug/2026 03:12:48] "GET /api/dar?date=2026-08-17 HTTP/1.1" 200 -
127.0.0.1 - - [17/Aug/2026 03:12:51] "GET /api/trends?days=30&offset_days=0 HTTP/1.1" 200 -
127.0.0.1 - - [17/Aug/2026 03:12:52] "GET /api/dar?date=2026-08-16 HTTP/1.1" 200 -
127.0.0.1 - - [17/Aug/2026 03:12:53] "GET / HTTP/1.1" 200 -
127.0.0.1 - - [17/Aug/2026 03:12:53] "GET /api/shift-config HTTP/1.1" 200 -
127.0.0.1 - - [17/Aug/2026 03:12:53] "GET /favicon.ico HTTP/1.1" 404 -
127.0.0.1 - - [17/Aug/2026 03:12:54] "GET /api/trends?days=30&offset_days=0 HTTP/1.1" 200 -
127.0.0.1 - - [17/Aug/2026 03:12:56] "GET /api/trends?days=30&offset_days=30 HTTP/1.1" 200 -
127.0.0.1 - - [17/Aug/2026 03:12:56] "GET /api/trends?days=30&offset_days=30 HTTP/1.1" 200 -
127.0.0.1 - - [17/Aug/2026 03:12:58] "GET /api/shift-history?days=30 HTTP/1.1" 200 -
127.0.0.1 - - [17/Aug/2026 03:12:59] "GET /api/dar?date=2026-08-17 HTTP/1.1" 200 -
127.0.0.1 - - [17/Aug/2026 03:13:01] "GET /api/trends?days=30&offset_days=0 HTTP/1.1" 200 -
127.0.0.1 - - [17/Aug/2026 03:13:02] "GET /api/shift-history?days=30 HTTP/1.1" 200 -
127.0.0.1 - - [17/Aug/2026 03:13:07] "GET / HTTP/1.1" 304 -
127.0.0.1 - - [17/Aug/2026 03:13:07] "GET /api/shift-config HTTP/1.1" 200 -
127.0.0.1 - - [17/Aug/2026 03:13:07] "GET /favicon.ico HTTP/1.1" 404 -
127.0.0.1 - - [17/Aug/2026 03:13:09] "GET /api/trends?days=30&offset_days=30 HTTP/1.1" 200 -
127.0.0.1 - - [17/Aug/2026 03:13:09] "GET /api/trends?days=30&offset_days=0 HTTP/1.1" 200 -
127.0.0.1 - - [17/Aug/2026 03:13:09] "GET /api/dar?date=2026-08-17 HTTP/1.1" 200 -
127.0.0.1 - - [17/Aug/2026 03:13:16] "GET /api/shift-history?days=30 HTTP/1.1" 200 -
 * Detected change in 'C:\\Users\\Riley Peel\\dev\\python\\lifelenz-dashboard\\lifelenz_api.py', reloading
 * Restarting with stat
 * Debugger is active!
 * Debugger PIN: 128-837-875
127.0.0.1 - - [17/Aug/2026 03:13:49] "GET /api/dar?date=2026-08-11 HTTP/1.1" 200 -
127.0.0.1 - - [17/Aug/2026 03:13:55] "GET /api/dar?date=2026-08-10 HTTP/1.1" 200 -
127.0.0.1 - - [17/Aug/2026 03:14:22] "GET / HTTP/1.1" 200 -
127.0.0.1 - - [17/Aug/2026 03:14:22] "GET /api/shift-config HTTP/1.1" 200 -
127.0.0.1 - - [17/Aug/2026 03:14:22] "GET /favicon.ico HTTP/1.1" 404 -
127.0.0.1 - - [17/Aug/2026 03:14:24] "GET /api/dar?date=2026-08-17 HTTP/1.1" 200 -
127.0.0.1 - - [17/Aug/2026 03:14:25] "GET /api/trends?days=30&offset_days=30 HTTP/1.1" 200 -
127.0.0.1 - - [17/Aug/2026 03:14:25] "GET /api/trends?days=30&offset_days=0 HTTP/1.1" 200 -
127.0.0.1 - - [17/Aug/2026 03:14:30] "GET / HTTP/1.1" 304 -
127.0.0.1 - - [17/Aug/2026 03:14:30] "GET /api/shift-config HTTP/1.1" 200 -
127.0.0.1 - - [17/Aug/2026 03:14:30] "GET /favicon.ico HTTP/1.1" 404 -
127.0.0.1 - - [17/Aug/2026 03:14:31] "GET /api/shift-history?days=30 HTTP/1.1" 200 -
127.0.0.1 - - [17/Aug/2026 03:14:32] "GET /api/trends?days=30&offset_days=0 HTTP/1.1" 200 -
127.0.0.1 - - [17/Aug/2026 03:14:32] "GET /api/trends?days=30&offset_days=30 HTTP/1.1" 200 -
127.0.0.1 - - [17/Aug/2026 03:14:32] "GET /api/dar?date=2026-08-17 HTTP/1.1" 200 -
127.0.0.1 - - [17/Aug/2026 03:14:39] "GET /api/shift-history?days=30 HTTP/1.1" 200 -
127.0.0.1 - - [17/Aug/2026 03:16:35] "GET /api/dar?date=2026-08-16 HTTP/1.1" 200 -
127.0.0.1 - - [17/Aug/2026 03:17:56] "GET /api/dar?date=2026-08-10 HTTP/1.1" 200 -
127.0.0.1 - - [17/Aug/2026 03:19:31] "GET /api/dar?date=2026-08-17 HTTP/1.1" 200 -
127.0.0.1 - - [17/Aug/2026 03:21:36] "GET /api/dar?date=2026-08-16 HTTP/1.1" 200 -
127.0.0.1 - - [17/Aug/2026 03:23:06] "GET /api/dar?date=2026-08-10 HTTP/1.1" 200 -
127.0.0.1 - - [17/Aug/2026 03:24:31] "GET /api/dar?date=2026-08-17 HTTP/1.1" 200 -
127.0.0.1 - - [17/Aug/2026 03:26:36] "GET /api/dar?date=2026-08-16 HTTP/1.1" 200 -
127.0.0.1 - - [17/Aug/2026 03:28:15] "GET /api/dar?date=2026-08-10 HTTP/1.1" 200 -
127.0.0.1 - - [17/Aug/2026 03:29:31] "GET /api/dar?date=2026-08-17 HTTP/1.1" 200 -
127.0.0.1 - - [17/Aug/2026 03:31:37] "GET /api/dar?date=2026-08-16 HTTP/1.1" 200 -
127.0.0.1 - - [17/Aug/2026 03:31:59] "GET / HTTP/1.1" 200 -
127.0.0.1 - - [17/Aug/2026 03:31:59] "GET /api/shift-config HTTP/1.1" 200 -
127.0.0.1 - - [17/Aug/2026 03:32:00] "GET /api/dar?date=2026-08-17 HTTP/1.1" 200 -
127.0.0.1 - - [17/Aug/2026 03:32:06] "GET /api/dar?date=2026-08-16 HTTP/1.1" 200 -
127.0.0.1 - - [17/Aug/2026 03:32:17] "GET /api/trends?days=30&offset_days=0 HTTP/1.1" 200 -
127.0.0.1 - - [17/Aug/2026 03:32:18] "GET /api/trends?days=30&offset_days=30 HTTP/1.1" 200 -
127.0.0.1 - - [17/Aug/2026 03:32:22] "GET /api/shift-history?days=30 HTTP/1.1" 200 -
 * Detected change in 'C:\\Users\\Riley Peel\\dev\\python\\lifelenz-dashboard\\lifelenz_api.py', reloading
 * Restarting with stat
 * Debugger is active!
 * Debugger PIN: 128-837-875
